This is pdfTeX, Version 3.1415926-2.3-1.40.12 (Web2C 2011) (format=pdflatex 2012.11.6)  29 JAN 2013 16:59
entering extended mode
 restricted \write18 enabled.
 %&-line parsing enabled.
**test.tex
(./test.tex
LaTeX2e <2009/09/24>
Babel <v3.8l> and hyphenation patterns for english, dumylang, nohyphenation, ge
rman-x-2009-06-19, ngerman-x-2009-06-19, afrikaans, ancientgreek, ibycus, arabi
c, armenian, basque, bulgarian, catalan, pinyin, coptic, croatian, czech, danis
h, dutch, ukenglish, usenglishmax, esperanto, estonian, ethiopic, farsi, finnis
h, french, galician, german, ngerman, swissgerman, monogreek, greek, hungarian,
 icelandic, assamese, bengali, gujarati, hindi, kannada, malayalam, marathi, or
iya, panjabi, tamil, telugu, indonesian, interlingua, irish, italian, kurmanji,
 lao, latin, latvian, lithuanian, mongolian, mongolianlmc, bokmal, nynorsk, pol
ish, portuguese, romanian, russian, sanskrit, serbian, serbianc, slovak, sloven
ian, spanish, swedish, turkish, turkmen, ukrainian, uppersorbian, welsh, loaded
.
(c:/usr/texlive/2011/texmf-dist/tex/latex/base/article.cls
Document Class: article 2007/10/19 v1.4h Standard LaTeX document class
(c:/usr/texlive/2011/texmf-dist/tex/latex/base/size10.clo
File: size10.clo 2007/10/19 v1.4h Standard LaTeX file (size option)
)
\c@part=\count79
\c@section=\count80
\c@subsection=\count81
\c@subsubsection=\count82
\c@paragraph=\count83
\c@subparagraph=\count84
\c@figure=\count85
\c@table=\count86
\abovecaptionskip=\skip41
\belowcaptionskip=\skip42
\bibindent=\dimen102
)
(c:/usr/texlive/2011/texmf-dist/tex/latex/relsize/relsize.sty
Package: relsize 2003/07/04 ver 3.1
)
(c:/usr/texlive/2011/texmf-dist/tex/latex/setspace/setspace.sty
Package: setspace 2000/12/01 6.7 Contributed and Supported LaTeX2e package

Package: `setspace' 6.7 <2000/12/01>
) (c:/usr/texlive/2011/texmf-dist/tex/latex/url/url.sty
\Urlmuskip=\muskip10
Package: url 2006/04/12  ver 3.3  Verb mode for urls, etc.
)
(c:/usr/texlive/2011/texmf-dist/tex/latex/cite/cite.sty
LaTeX Info: Redefining \cite on input line 302.
LaTeX Info: Redefining \nocite on input line 373.
Package: cite 2010/09/10  v 5.3
LaTeX Info: Redefining \cite on input line 464.
)
(c:/usr/texlive/2011/texmf-dist/tex/latex/graphics/lscape.sty
Package: lscape 2000/10/22 v3.01 Landscape Pages (DPC)

(c:/usr/texlive/2011/texmf-dist/tex/latex/graphics/graphics.sty
Package: graphics 2009/02/05 v1.0o Standard LaTeX Graphics (DPC,SPQR)

(c:/usr/texlive/2011/texmf-dist/tex/latex/graphics/trig.sty
Package: trig 1999/03/16 v1.09 sin cos tan (DPC)
)
(c:/usr/texlive/2011/texmf-dist/tex/latex/latexconfig/graphics.cfg
File: graphics.cfg 2010/04/23 v1.9 graphics configuration of TeX Live
)
Package graphics Info: Driver file: pdftex.def on input line 91.

(c:/usr/texlive/2011/texmf-dist/tex/latex/pdftex-def/pdftex.def
File: pdftex.def 2011/05/27 v0.06d Graphics/color for pdfTeX

(c:/usr/texlive/2011/texmf-dist/tex/generic/oberdiek/infwarerr.sty
Package: infwarerr 2010/04/08 v1.3 Providing info/warning/message (HO)
)
(c:/usr/texlive/2011/texmf-dist/tex/generic/oberdiek/ltxcmds.sty
Package: ltxcmds 2011/04/18 v1.20 LaTeX kernel commands for general use (HO)
)
\Gread@gobject=\count87
)))
(c:/usr/texlive/2011/texmf-dist/tex/latex/fancyhdr/fancyhdr.sty
\fancy@headwidth=\skip43
\f@ncyO@elh=\skip44
\f@ncyO@erh=\skip45
\f@ncyO@olh=\skip46
\f@ncyO@orh=\skip47
\f@ncyO@elf=\skip48
\f@ncyO@erf=\skip49
\f@ncyO@olf=\skip50
\f@ncyO@orf=\skip51
)
(c:/PROGRA~1/R/R-215~1.2/share/texmf/tex/latex/Sweave.sty
Package: Sweave 

(c:/usr/texlive/2011/texmf-dist/tex/latex/base/ifthen.sty
Package: ifthen 2001/05/26 v1.1c Standard LaTeX ifthen package (DPC)
)
(c:/usr/texlive/2011/texmf-dist/tex/latex/graphics/graphicx.sty
Package: graphicx 1999/02/16 v1.0f Enhanced LaTeX Graphics (DPC,SPQR)

(c:/usr/texlive/2011/texmf-dist/tex/latex/graphics/keyval.sty
Package: keyval 1999/03/16 v1.13 key=value parser (DPC)
\KV@toks@=\toks14
)
\Gin@req@height=\dimen103
\Gin@req@width=\dimen104
)
(c:/usr/texlive/2011/texmf-dist/tex/latex/fancyvrb/fancyvrb.sty
Package: fancyvrb 2008/02/07

Style option: `fancyvrb' v2.7a, with DG/SPQR fixes, and firstline=lastline fix 
<2008/02/07> (tvz)
\FV@CodeLineNo=\count88
\FV@InFile=\read1
\FV@TabBox=\box26
\c@FancyVerbLine=\count89
\FV@StepNumber=\count90
\FV@OutFile=\write3
) (c:/PROGRA~1/R/R-215~1.2/share/texmf/tex/latex/upquote.sty
Package: upquote 2003/08/11 v1.1 Covington's upright-quote modification to verb
atim and verb

(c:/usr/texlive/2011/texmf-dist/tex/latex/base/textcomp.sty
Package: textcomp 2005/09/27 v1.99g Standard LaTeX package
Package textcomp Info: Sub-encoding information:
(textcomp)               5 = only ISO-Adobe without \textcurrency
(textcomp)               4 = 5 + \texteuro
(textcomp)               3 = 4 + \textohm
(textcomp)               2 = 3 + \textestimated + \textcurrency
(textcomp)               1 = TS1 - \textcircled - \t
(textcomp)               0 = TS1 (full)
(textcomp)             Font families with sub-encoding setting implement
(textcomp)             only a restricted character set as indicated.
(textcomp)             Family '?' is the default used for unknown fonts.
(textcomp)             See the documentation for details.
Package textcomp Info: Setting ? sub-encoding to TS1/1 on input line 71.

(c:/usr/texlive/2011/texmf-dist/tex/latex/base/ts1enc.def
File: ts1enc.def 2001/06/05 v3.0e (jk/car/fm) Standard LaTeX file
)
LaTeX Info: Redefining \oldstylenums on input line 266.
Package textcomp Info: Setting cmr sub-encoding to TS1/0 on input line 281.
Package textcomp Info: Setting cmss sub-encoding to TS1/0 on input line 282.
Package textcomp Info: Setting cmtt sub-encoding to TS1/0 on input line 283.
Package textcomp Info: Setting cmvtt sub-encoding to TS1/0 on input line 284.
Package textcomp Info: Setting cmbr sub-encoding to TS1/0 on input line 285.
Package textcomp Info: Setting cmtl sub-encoding to TS1/0 on input line 286.
Package textcomp Info: Setting ccr sub-encoding to TS1/0 on input line 287.
Package textcomp Info: Setting ptm sub-encoding to TS1/4 on input line 288.
Package textcomp Info: Setting pcr sub-encoding to TS1/4 on input line 289.
Package textcomp Info: Setting phv sub-encoding to TS1/4 on input line 290.
Package textcomp Info: Setting ppl sub-encoding to TS1/3 on input line 291.
Package textcomp Info: Setting pag sub-encoding to TS1/4 on input line 292.
Package textcomp Info: Setting pbk sub-encoding to TS1/4 on input line 293.
Package textcomp Info: Setting pnc sub-encoding to TS1/4 on input line 294.
Package textcomp Info: Setting pzc sub-encoding to TS1/4 on input line 295.
Package textcomp Info: Setting bch sub-encoding to TS1/4 on input line 296.
Package textcomp Info: Setting put sub-encoding to TS1/5 on input line 297.
Package textcomp Info: Setting uag sub-encoding to TS1/5 on input line 298.
Package textcomp Info: Setting ugq sub-encoding to TS1/5 on input line 299.
Package textcomp Info: Setting ul8 sub-encoding to TS1/4 on input line 300.
Package textcomp Info: Setting ul9 sub-encoding to TS1/4 on input line 301.
Package textcomp Info: Setting augie sub-encoding to TS1/5 on input line 302.
Package textcomp Info: Setting dayrom sub-encoding to TS1/3 on input line 303.
Package textcomp Info: Setting dayroms sub-encoding to TS1/3 on input line 304.

Package textcomp Info: Setting pxr sub-encoding to TS1/0 on input line 305.
Package textcomp Info: Setting pxss sub-encoding to TS1/0 on input line 306.
Package textcomp Info: Setting pxtt sub-encoding to TS1/0 on input line 307.
Package textcomp Info: Setting txr sub-encoding to TS1/0 on input line 308.
Package textcomp Info: Setting txss sub-encoding to TS1/0 on input line 309.
Package textcomp Info: Setting txtt sub-encoding to TS1/0 on input line 310.
Package textcomp Info: Setting futs sub-encoding to TS1/4 on input line 311.
Package textcomp Info: Setting futx sub-encoding to TS1/4 on input line 312.
Package textcomp Info: Setting futj sub-encoding to TS1/4 on input line 313.
Package textcomp Info: Setting hlh sub-encoding to TS1/3 on input line 314.
Package textcomp Info: Setting hls sub-encoding to TS1/3 on input line 315.
Package textcomp Info: Setting hlst sub-encoding to TS1/3 on input line 316.
Package textcomp Info: Setting hlct sub-encoding to TS1/5 on input line 317.
Package textcomp Info: Setting hlx sub-encoding to TS1/5 on input line 318.
Package textcomp Info: Setting hlce sub-encoding to TS1/5 on input line 319.
Package textcomp Info: Setting hlcn sub-encoding to TS1/5 on input line 320.
Package textcomp Info: Setting hlcw sub-encoding to TS1/5 on input line 321.
Package textcomp Info: Setting hlcf sub-encoding to TS1/5 on input line 322.
Package textcomp Info: Setting pplx sub-encoding to TS1/3 on input line 323.
Package textcomp Info: Setting pplj sub-encoding to TS1/3 on input line 324.
Package textcomp Info: Setting ptmx sub-encoding to TS1/4 on input line 325.
Package textcomp Info: Setting ptmj sub-encoding to TS1/4 on input line 326.
))
(c:/usr/texlive/2011/texmf-dist/tex/latex/base/fontenc.sty
Package: fontenc 2005/09/27 v1.99g Standard LaTeX package

(c:/usr/texlive/2011/texmf-dist/tex/latex/base/t1enc.def
File: t1enc.def 2005/09/27 v1.99g Standard LaTeX file
LaTeX Font Info:    Redeclaring font encoding T1 on input line 43.
))
(c:/usr/texlive/2011/texmf-dist/tex/latex/ae/ae.sty
Package: ae 2001/02/12 1.3 Almost European Computer Modern

(c:/usr/texlive/2011/texmf-dist/tex/latex/base/fontenc.sty
Package: fontenc 2005/09/27 v1.99g Standard LaTeX package

(c:/usr/texlive/2011/texmf-dist/tex/latex/base/t1enc.def
File: t1enc.def 2005/09/27 v1.99g Standard LaTeX file
LaTeX Font Info:    Redeclaring font encoding T1 on input line 43.
)
LaTeX Font Info:    Try loading font information for T1+aer on input line 100.

(c:/usr/texlive/2011/texmf-dist/tex/latex/ae/t1aer.fd
File: t1aer.fd 1997/11/16 Font definitions for T1/aer.
)))) (./test.aux)
\openout1 = `test.aux'.

LaTeX Font Info:    Checking defaults for OML/cmm/m/it on input line 20.
LaTeX Font Info:    ... okay on input line 20.
LaTeX Font Info:    Checking defaults for T1/cmr/m/n on input line 20.
LaTeX Font Info:    ... okay on input line 20.
LaTeX Font Info:    Checking defaults for OT1/cmr/m/n on input line 20.
LaTeX Font Info:    ... okay on input line 20.
LaTeX Font Info:    Checking defaults for OMS/cmsy/m/n on input line 20.
LaTeX Font Info:    ... okay on input line 20.
LaTeX Font Info:    Checking defaults for OMX/cmex/m/n on input line 20.
LaTeX Font Info:    ... okay on input line 20.
LaTeX Font Info:    Checking defaults for U/cmr/m/n on input line 20.
LaTeX Font Info:    ... okay on input line 20.
LaTeX Font Info:    Checking defaults for TS1/cmr/m/n on input line 20.
LaTeX Font Info:    Try loading font information for TS1+cmr on input line 20.

(c:/usr/texlive/2011/texmf-dist/tex/latex/base/ts1cmr.fd
File: ts1cmr.fd 1999/05/25 v2.5h Standard LaTeX font definitions
)
LaTeX Font Info:    ... okay on input line 20.

(c:/usr/texlive/2011/texmf-dist/tex/context/base/supp-pdf.mkii
[Loading MPS to PDF converter (version 2006.09.02).]
\scratchcounter=\count91
\scratchdimen=\dimen105
\scratchbox=\box27
\nofMPsegments=\count92
\nofMParguments=\count93
\everyMPshowfont=\toks15
\MPscratchCnt=\count94
\MPscratchDim=\dimen106
\MPnumerator=\count95
\makeMPintoPDFobject=\count96
\everyMPtoPDFconversion=\toks16
) (c:/usr/texlive/2011/texmf-dist/tex/generic/oberdiek/pdftexcmds.sty
Package: pdftexcmds 2011/04/22 v0.16 Utilities of pdfTeX for LuaTeX (HO)

(c:/usr/texlive/2011/texmf-dist/tex/generic/oberdiek/ifluatex.sty
Package: ifluatex 2010/03/01 v1.3 Provides the ifluatex switch (HO)
Package ifluatex Info: LuaTeX not detected.
)
(c:/usr/texlive/2011/texmf-dist/tex/generic/oberdiek/ifpdf.sty
Package: ifpdf 2011/01/30 v2.3 Provides the ifpdf switch (HO)
Package ifpdf Info: pdfTeX in PDF mode is detected.
)
Package pdftexcmds Info: LuaTeX not detected.
Package pdftexcmds Info: \pdf@primitive is available.
Package pdftexcmds Info: \pdf@ifprimitive is available.
Package pdftexcmds Info: \pdfdraftmode found.
)
(c:/usr/texlive/2011/texmf-dist/tex/latex/oberdiek/epstopdf-base.sty
Package: epstopdf-base 2010/02/09 v2.5 Base part for package epstopdf

(c:/usr/texlive/2011/texmf-dist/tex/latex/oberdiek/grfext.sty
Package: grfext 2010/08/19 v1.1 Managing graphics extensions (HO)

(c:/usr/texlive/2011/texmf-dist/tex/generic/oberdiek/kvdefinekeys.sty
Package: kvdefinekeys 2011/04/07 v1.3 Defining keys (HO)
))
(c:/usr/texlive/2011/texmf-dist/tex/latex/oberdiek/kvoptions.sty
Package: kvoptions 2010/12/23 v3.10 Keyval support for LaTeX options (HO)

(c:/usr/texlive/2011/texmf-dist/tex/generic/oberdiek/kvsetkeys.sty
Package: kvsetkeys 2011/04/07 v1.13 Key value parser (HO)

(c:/usr/texlive/2011/texmf-dist/tex/generic/oberdiek/etexcmds.sty
Package: etexcmds 2011/02/16 v1.5 Prefix for e-TeX command names (HO)
Package etexcmds Info: Could not find \expanded.
(etexcmds)             That can mean that you are not using pdfTeX 1.50 or
(etexcmds)             that some package has redefined \expanded.
(etexcmds)             In the latter case, load this package earlier.
)))
Package grfext Info: Graphics extension search list:
(grfext)             [.png,.pdf,.jpg,.mps,.jpeg,.jbig2,.jb2,.PNG,.PDF,.JPG,.JPE
G,.JBIG2,.JB2,.eps]
(grfext)             \AppendGraphicsExtensions on input line 452.

(c:/usr/texlive/2011/texmf-dist/tex/latex/latexconfig/epstopdf-sys.cfg
File: epstopdf-sys.cfg 2010/07/13 v1.3 Configuration of (r)epstopdf for TeX Liv
e
))
(./test-concordance.tex)
LaTeX Font Info:    External font `cmex10' loaded for size
(Font)              <12> on input line 32.
LaTeX Font Info:    External font `cmex10' loaded for size
(Font)              <8> on input line 32.
LaTeX Font Info:    External font `cmex10' loaded for size
(Font)              <6> on input line 32.
LaTeX Font Info:    Try loading font information for T1+aett on input line 37.
 (c:/usr/texlive/2011/texmf-dist/tex/latex/ae/t1aett.fd
File: t1aett.fd 1997/11/16 Font definitions for T1/aett.
)
LaTeX Font Info:    External font `cmex10' loaded for size
(Font)              <7> on input line 45.
LaTeX Font Info:    External font `cmex10' loaded for size
(Font)              <5> on input line 45.
 <graphics/plot-003.pdf, id=2, 433.62pt x 433.62pt>
File: graphics/plot-003.pdf Graphic file (type pdf)

<use graphics/plot-003.pdf>
Package pdftex.def Info: graphics/plot-003.pdf used on input line 142.
(pdftex.def)             Requested size: 487.8225pt x 487.84776pt.
 [1

{c:/usr/texlive/2011/texmf-var/fonts/map/pdftex/updmap/pdftex.map}]
Overfull \vbox (137.08pt too high) has occurred while \output is active []


[2 <./graphics/plot-003.pdf>]
<graphics/plot-004.pdf, id=22, 433.62pt x 433.62pt>
File: graphics/plot-004.pdf Graphic file (type pdf)

<use graphics/plot-004.pdf>
Package pdftex.def Info: graphics/plot-004.pdf used on input line 149.
(pdftex.def)             Requested size: 243.91124pt x 243.91064pt.

<graphics/plot-005.pdf, id=23, 433.62pt x 433.62pt>
File: graphics/plot-005.pdf Graphic file (type pdf)

<use graphics/plot-005.pdf>
Package pdftex.def Info: graphics/plot-005.pdf used on input line 150.
(pdftex.def)             Requested size: 243.91124pt x 243.91064pt.

Overfull \hbox (15.32994pt too wide) in paragraph at lines 148--152
[] 
 []

<graphics/plot-006.pdf, id=24, 433.62pt x 433.62pt>
File: graphics/plot-006.pdf Graphic file (type pdf)

<use graphics/plot-006.pdf>
Package pdftex.def Info: graphics/plot-006.pdf used on input line 156.
(pdftex.def)             Requested size: 243.91124pt x 243.91064pt.

<graphics/plot-007.pdf, id=25, 433.62pt x 433.62pt>
File: graphics/plot-007.pdf Graphic file (type pdf)

<use graphics/plot-007.pdf>
Package pdftex.def Info: graphics/plot-007.pdf used on input line 157.
(pdftex.def)             Requested size: 243.91124pt x 243.91064pt.

Overfull \hbox (15.32994pt too wide) in paragraph at lines 155--159
[] 
 []

[3 <./graphics/plot-004.pdf> <./graphics/plot-005.pdf>]
<graphics/plot-008.pdf, id=41, 433.62pt x 433.62pt>
File: graphics/plot-008.pdf Graphic file (type pdf)

<use graphics/plot-008.pdf>
Package pdftex.def Info: graphics/plot-008.pdf used on input line 161.
(pdftex.def)             Requested size: 243.91124pt x 243.91064pt.

<graphics/plot-009.pdf, id=42, 433.62pt x 433.62pt>
File: graphics/plot-009.pdf Graphic file (type pdf)

<use graphics/plot-009.pdf>
Package pdftex.def Info: graphics/plot-009.pdf used on input line 162.
(pdftex.def)             Requested size: 243.91124pt x 243.91064pt.

Overfull \hbox (15.32994pt too wide) in paragraph at lines 160--164
[] 
 []

<graphics/plot-010.pdf, id=43, 433.62pt x 433.62pt>
File: graphics/plot-010.pdf Graphic file (type pdf)

<use graphics/plot-010.pdf>
Package pdftex.def Info: graphics/plot-010.pdf used on input line 168.
(pdftex.def)             Requested size: 243.91124pt x 243.91064pt.

<graphics/plot-011.pdf, id=44, 433.62pt x 433.62pt>
File: graphics/plot-011.pdf Graphic file (type pdf)

<use graphics/plot-011.pdf>
Package pdftex.def Info: graphics/plot-011.pdf used on input line 169.
(pdftex.def)             Requested size: 243.91124pt x 243.91064pt.

Overfull \hbox (15.32994pt too wide) in paragraph at lines 167--172
[] 
 []

[4 <./graphics/plot-006.pdf> <./graphics/plot-007.pdf> <./graphics/plot-008.pdf
> <./graphics/plot-009.pdf>]
<graphics/plot-012.pdf, id=72, 433.62pt x 433.62pt>
File: graphics/plot-012.pdf Graphic file (type pdf)

<use graphics/plot-012.pdf>
Package pdftex.def Info: graphics/plot-012.pdf used on input line 174.
(pdftex.def)             Requested size: 243.91124pt x 243.91064pt.

<graphics/plot-013.pdf, id=73, 433.62pt x 433.62pt>
File: graphics/plot-013.pdf Graphic file (type pdf)

<use graphics/plot-013.pdf>
Package pdftex.def Info: graphics/plot-013.pdf used on input line 175.
(pdftex.def)             Requested size: 243.91124pt x 243.91064pt.

Overfull \hbox (15.32994pt too wide) in paragraph at lines 173--177
[] 
 []

<graphics/plot-014.pdf, id=74, 433.62pt x 433.62pt>
File: graphics/plot-014.pdf Graphic file (type pdf)

<use graphics/plot-014.pdf>
Package pdftex.def Info: graphics/plot-014.pdf used on input line 179.
(pdftex.def)             Requested size: 243.91124pt x 243.91064pt.

<graphics/plot-015.pdf, id=75, 433.62pt x 433.62pt>
File: graphics/plot-015.pdf Graphic file (type pdf)

<use graphics/plot-015.pdf>
Package pdftex.def Info: graphics/plot-015.pdf used on input line 180.
(pdftex.def)             Requested size: 243.91124pt x 243.91064pt.

Overfull \hbox (15.32994pt too wide) in paragraph at lines 178--182
[] 
 []

[5 <./graphics/plot-010.pdf> <./graphics/plot-011.pdf> <./graphics/plot-012.pdf
> <./graphics/plot-013.pdf>]
<graphics/plot-016.pdf, id=103, 433.62pt x 433.62pt>
File: graphics/plot-016.pdf Graphic file (type pdf)

<use graphics/plot-016.pdf>
Package pdftex.def Info: graphics/plot-016.pdf used on input line 186.
(pdftex.def)             Requested size: 243.91124pt x 243.91064pt.

<graphics/plot-017.pdf, id=104, 433.62pt x 433.62pt>
File: graphics/plot-017.pdf Graphic file (type pdf)

<use graphics/plot-017.pdf>
Package pdftex.def Info: graphics/plot-017.pdf used on input line 187.
(pdftex.def)             Requested size: 243.91124pt x 243.91064pt.

Overfull \hbox (15.32994pt too wide) in paragraph at lines 185--190
[] 
 []

<graphics/plot-018.pdf, id=105, 433.62pt x 433.62pt>
File: graphics/plot-018.pdf Graphic file (type pdf)

<use graphics/plot-018.pdf>
Package pdftex.def Info: graphics/plot-018.pdf used on input line 192.
(pdftex.def)             Requested size: 243.91124pt x 243.91064pt.

<graphics/plot-019.pdf, id=106, 433.62pt x 433.62pt>
File: graphics/plot-019.pdf Graphic file (type pdf)

<use graphics/plot-019.pdf>
Package pdftex.def Info: graphics/plot-019.pdf used on input line 193.
(pdftex.def)             Requested size: 243.91124pt x 243.91064pt.

Overfull \hbox (15.32994pt too wide) in paragraph at lines 191--195
[] 
 []

[6 <./graphics/plot-014.pdf> <./graphics/plot-015.pdf> <./graphics/plot-016.pdf
> <./graphics/plot-017.pdf>]
<graphics/plot-020.pdf, id=134, 433.62pt x 433.62pt>
File: graphics/plot-020.pdf Graphic file (type pdf)

<use graphics/plot-020.pdf>
Package pdftex.def Info: graphics/plot-020.pdf used on input line 197.
(pdftex.def)             Requested size: 243.91124pt x 243.91064pt.

<graphics/plot-021.pdf, id=135, 433.62pt x 433.62pt>
File: graphics/plot-021.pdf Graphic file (type pdf)

<use graphics/plot-021.pdf>
Package pdftex.def Info: graphics/plot-021.pdf used on input line 198.
(pdftex.def)             Requested size: 243.91124pt x 243.91064pt.

Overfull \hbox (15.32994pt too wide) in paragraph at lines 196--200
[] 
 []

[7 <./graphics/plot-018.pdf> <./graphics/plot-019.pdf> <./graphics/plot-020.pdf
> <./graphics/plot-021.pdf>] (./test.aux) ) 
Here is how much of TeX's memory you used:
 3153 strings out of 493633
 45280 string characters out of 3145073
 112942 words of memory out of 3000000
 6350 multiletter control sequences out of 15000+200000
 25022 words of font info for 54 fonts, out of 3000000 for 9000
 831 hyphenation exceptions out of 8191
 37i,10n,43p,331b,241s stack positions out of 5000i,500n,10000p,200000b,50000s
<c:/usr/texlive/2011/texmf-dist/font
s/type1/public/amsfonts/cm/cmbx12.pfb><c:/usr/texlive/2011/texmf-dist/fonts/typ
e1/public/amsfonts/cm/cmr10.pfb><c:/usr/texlive/2011/texmf-dist/fonts/type1/pub
lic/amsfonts/cm/cmr17.pfb><c:/usr/texlive/2011/texmf-dist/fonts/type1/public/am
sfonts/cm/cmsl10.pfb><c:/usr/texlive/2011/texmf-dist/fonts/type1/public/amsfont
s/cm/cmtt10.pfb>
Output written on test.pdf (7 pages, 644517 bytes).
PDF statistics:
 183 PDF objects out of 1000 (max. 8388607)
 128 compressed objects within 2 object streams
 0 named destinations out of 1000 (max. 500000)
 100 words of extra memory for PDF output out of 10000 (max. 10000000)

